{
    "impute5-subworkflow-stub": {
        "content": [
            {
                "0": [
                    [
                        {
                            "id": "test_stub"
                        },
                        "test_stub_imputed.bcf:md5,d41d8cd98f00b204e9800998ecf8427e"
                    ]
                ],
                "1": [
                    [
                        {
                            "id": "test_stub"
                        },
                        "test_stub_imputed.log:md5,d41d8cd98f00b204e9800998ecf8427e"
                    ]
                ],
                "2": [
                    [
                        {
                            "id": "test_stub"
                        },
                        "chunks_test.txt:md5,d41d8cd98f00b204e9800998ecf8427e"
                    ]
                ],
                "3": [
                    [
                        {
                            "id": "test_stub"
                        },
                        "test_stub_xcf.bcf:md5,d41d8cd98f00b204e9800998ecf8427e",
                        "test_stub_xcf.bcf.csi:md5,d41d8cd98f00b204e9800998ecf8427e",
                        "test_stub_xcf.bin:md5,d41d8cd98f00b204e9800998ecf8427e",
                        "test_stub_xcf.fam:md5,d41d8cd98f00b204e9800998ecf8427e"
                    ]
                ],
                "4": [
                    "versions.yml:md5,250f52b13a69ae8c973ddc9e840072bf",
                    "versions.yml:md5,94a1b0c43e6ee41ae30682edf86e90a9",
                    "versions.yml:md5,e0ab49724eecb55d6dda6bc989402008"
                ],
                "chunks": [
                    [
                        {
                            "id": "test_stub"
                        },
                        "chunks_test.txt:md5,d41d8cd98f00b204e9800998ecf8427e"
                    ]
                ],
                "imputed_bcf": [
                    [
                        {
                            "id": "test_stub"
                        },
                        "test_stub_imputed.bcf:md5,d41d8cd98f00b204e9800998ecf8427e"
                    ]
                ],
                "imputed_log": [
                    [
                        {
                            "id": "test_stub"
                        },
                        "test_stub_imputed.log:md5,d41d8cd98f00b204e9800998ecf8427e"
                    ]
                ],
                "versions": [
                    "versions.yml:md5,250f52b13a69ae8c973ddc9e840072bf",
                    "versions.yml:md5,94a1b0c43e6ee41ae30682edf86e90a9",
                    "versions.yml:md5,e0ab49724eecb55d6dda6bc989402008"
                ],
                "xcf_files": [
                    [
                        {
                            "id": "test_stub"
                        },
                        "test_stub_xcf.bcf:md5,d41d8cd98f00b204e9800998ecf8427e",
                        "test_stub_xcf.bcf.csi:md5,d41d8cd98f00b204e9800998ecf8427e",
                        "test_stub_xcf.bin:md5,d41d8cd98f00b204e9800998ecf8427e",
                        "test_stub_xcf.fam:md5,d41d8cd98f00b204e9800998ecf8427e"
                    ]
                ]
            }
        ],
        "meta": {
            "nf-test": "0.9.2",
            "nextflow": "25.04.2"
        },
        "timestamp": "2025-05-28T16:10:44.880855718"
    },
    "Impute with IMPUTE5 - chr22": {
        "content": [
            [
                "versions.yml:md5,3fa3a325f07e0638dbf14f1c7b4c2c10",
                "versions.yml:md5,fe336d6a261d571f847dfd391f51f264"
            ],
            [
                
            ],
            [
                
            ],
            [
                [
                    {
                        "id": "NA12878",
                        "panel": "1000GP",
                        "chr": "22"
                    },
                    "chunks_chr22.txt"
                ]
            ],
            [
                [
                    {
                        "id": "1000GP",
                        "chr": "22"
                    },
                    "1000GP_xcf.bcf",
                    "1000GP_xcf.bcf.csi",
                    "1000GP_xcf.bin",
                    "1000GP_xcf.fam"
                ]
            ]
        ],
        "meta": {
            "nf-test": "0.9.2",
            "nextflow": "25.04.4"
        },
        "timestamp": "2025-06-25T15:47:41.786574539"
    },
    "Impute with IMPUTE5 - stub": {
        "content": [
            {
                "0": [
                    
                ],
                "1": [
                    "versions.yml:md5,4460e0d9546e5c50ea336fcbc16978a5"
                ],
                "vcf_tbi": [
                    
                ],
                "versions": [
                    "versions.yml:md5,4460e0d9546e5c50ea336fcbc16978a5"
                ]
            }
        ],
        "meta": {
            "nf-test": "0.9.2",
            "nextflow": "25.04.4"
        },
        "timestamp": "2025-07-15T14:06:01.10186502"
    },
    "impute5-subworkflow-basic": {
        "content": [
            "test_imputed.bcf",
            "test_imputed.log",
            "chunks_20.txt",
            "test_xcf.bcf",
            "test_xcf.bcf.csi",
            "test_xcf.bin",
            "test_xcf.fam",
            [
                "versions.yml:md5,af2f57ef212a2ba63907b419bd11e847",
                "versions.yml:md5,c76560f6bd2cd804c4c3c278aaf4d14f",
                "versions.yml:md5,df722c7dade423fde5a0b375c501a3cc"
            ]
        ],
        "meta": {
            "nf-test": "0.9.2",
            "nextflow": "25.04.2"
        },
        "timestamp": "2025-06-02T16:16:58.910940443"
    },
    "Impute with IMPUTE5 - backup data": {
        "content": [
            [
                "versions.yml:md5,3fa3a325f07e0638dbf14f1c7b4c2c10",
                "versions.yml:md5,db2a286b02b66534b5b461f44d6f0859",
                "versions.yml:md5,db2a286b02b66534b5b461f44d6f0859",
                "versions.yml:md5,db2a286b02b66534b5b461f44d6f0859",
                "versions.yml:md5,db2a286b02b66534b5b461f44d6f0859",
                "versions.yml:md5,db2a286b02b66534b5b461f44d6f0859",
                "versions.yml:md5,db2a286b02b66534b5b461f44d6f0859",
                "versions.yml:md5,db2a286b02b66534b5b461f44d6f0859",
                "versions.yml:md5,fe336d6a261d571f847dfd391f51f264"
            ],
            [
                [
                    {
                        "id": "test_backup",
                        "chr": "20",
                        "tools": "impute5"
                    },
                    "test_backup_chunk1_imputed.bcf"
                ],
                [
                    {
                        "id": "test_backup",
                        "chr": "20",
                        "tools": "impute5"
                    },
                    "test_backup_chunk2_imputed.bcf"
                ],
                [
                    {
                        "id": "test_backup",
                        "chr": "20",
                        "tools": "impute5"
                    },
                    "test_backup_chunk3_imputed.bcf"
                ],
                [
                    {
                        "id": "test_backup",
                        "chr": "20",
                        "tools": "impute5"
                    },
                    "test_backup_chunk4_imputed.bcf"
                ],
                [
                    {
                        "id": "test_backup",
                        "chr": "20",
                        "tools": "impute5"
                    },
                    "test_backup_chunk5_imputed.bcf"
                ],
                [
                    {
                        "id": "test_backup",
                        "chr": "20",
                        "tools": "impute5"
                    },
                    "test_backup_chunk6_imputed.bcf"
                ],
                [
                    {
                        "id": "test_backup",
                        "chr": "20",
                        "tools": "impute5"
                    },
                    "test_backup_chunk7_imputed.bcf"
                ]
            ]
        ],
        "meta": {
            "nf-test": "0.9.2",
            "nextflow": "25.04.4"
        },
        "timestamp": "2025-07-15T14:51:00.999267686"
    }
}