{
    "Test getRegionFromFai with specified region without fasta": {
        "content": [
            {
                
            }
        ],
        "meta": {
            "nf-test": "0.9.2",
            "nextflow": "24.10.5"
        },
        "timestamp": "2025-06-19T10:53:32.246531145"
    },
    "Test getRegionFromFai with an error": {
        "content": [
            [
                "Invalid input_region: chr22:0-4000:4648"
            ]
        ],
        "meta": {
            "nf-test": "0.9.2",
            "nextflow": "24.10.5"
        },
        "timestamp": "2025-06-19T09:39:16.168659666"
    },
    "Test getRegionFromFai with specified chr": {
        "content": [
            {
                
            }
        ],
        "meta": {
            "nf-test": "0.9.2",
            "nextflow": "24.10.5"
        },
        "timestamp": "2025-06-19T10:53:25.440787959"
    },
    "Test checkFileIndex no error with empty channel": {
        "content": null,
        "meta": {
            "nf-test": "0.9.2",
            "nextflow": "24.10.0"
        },
        "timestamp": "2024-11-06T15:32:04.356171769"
    },
    "Test validateInputBatchTools only one vcf": {
        "content": [
            [
                "When using a Variant Calling Format file as input, only one file can be provided. If you have multiple single-sample VCF files, please merge them into a single multisample VCF file."
            ]
        ],
        "meta": {
            "nf-test": "0.9.2",
            "nextflow": "25.04.4"
        },
        "timestamp": "2025-06-18T15:44:45.241704362"
    },
    "Test checkMetaChr warning": {
        "content": [
            [
                "WARN: Chr : [chrY] is missing from test"
            ]
        ],
        "meta": {
            "nf-test": "0.9.2",
            "nextflow": "25.04.4"
        },
        "timestamp": "2025-06-18T15:45:50.70859829"
    },
    "Test Function exportCsv": {
        "content": null,
        "meta": {
            "nf-test": "0.9.2",
            "nextflow": "24.10.0"
        },
        "timestamp": "2024-11-06T15:32:58.039856651"
    },
    "Test getRegionFromFai with all": {
        "content": [
            {
                
            }
        ],
        "meta": {
            "nf-test": "0.9.2",
            "nextflow": "24.10.5"
        },
        "timestamp": "2025-06-19T10:53:18.40819287"
    },
    "Test validateInputBatchTools vcf only for glimpse": {
        "content": [
            [
                "Stitch or Quilt software cannot run with VCF or BCF files. Please provide alignment files (i.e. BAM or CRAM)."
            ]
        ],
        "meta": {
            "nf-test": "0.9.2",
            "nextflow": "25.04.4"
        },
        "timestamp": "2025-06-18T15:44:38.597973259"
    },
    "Test validateInputBatchTools success batch": {
        "content": [
            [
                "WARN: Glimpse2 or Quilt software is selected and the number of input files (151) is less than the batch size (60). The input files will be processed in 3 batches."
            ]
        ],
        "meta": {
            "nf-test": "0.9.2",
            "nextflow": "25.04.4"
        },
        "timestamp": "2025-06-18T15:44:57.400190926"
    },
    "Test getFileExtension non empty list": {
        "content": [
            [
                "vcf",
                "txt",
                "tar",
                "vcf",
                "txt"
            ]
        ],
        "meta": {
            "nf-test": "0.9.1",
            "nextflow": "24.10.4"
        },
        "timestamp": "2025-03-03T15:47:37.629077209"
    },
    "Test validateInputBatchTools error batch": {
        "content": [
            [
                "WARN: Glimpse2 or Quilt software is selected and the number of input files (151) is less than the batch size (60). The input files will be processed in 3 batches.",
                "Stitch or Glimpse1 software is selected and the number of input files (151) is less than the batch size (60). Splitting the input files in batches would induce batch effect."
            ]
        ],
        "meta": {
            "nf-test": "0.9.2",
            "nextflow": "25.04.4"
        },
        "timestamp": "2025-06-18T15:44:51.349913082"
    }
}