{
    "convertref_basic": {
        "content": [
            "test_xcf.bcf:md5,d15e692df181d81a403e8248db5782e5",
            "test_xcf.bcf.csi:md5,f2e76ab4b1b50b8a6ca1b74db82e7108",
            "test_xcf.bin:md5,eb23bf972acf5ebd83c139236468ff4a",
            "test_xcf.fam:md5,eba757bb75c1f3dd1d5c4510d282f462",
            [
                "versions.yml:md5,384c6c864a70ccd5deb6486bdaf740e0"
            ]
        ],
        "meta": {
            "nf-test": "0.9.2",
            "nextflow": "25.04.2"
        },
        "timestamp": "2025-06-13T11:08:04.3513919"
    },
    "convertref_stub": {
        "content": [
            "test_xcf.bcf:md5,d41d8cd98f00b204e9800998ecf8427e",
            "test_xcf.bcf.csi:md5,d41d8cd98f00b204e9800998ecf8427e",
            "test_xcf.bin:md5,d41d8cd98f00b204e9800998ecf8427e",
            "test_xcf.fam:md5,d41d8cd98f00b204e9800998ecf8427e",
            [
                "versions.yml:md5,3ea83291b2b00bf020638cd7e18f3dd6"
            ]
        ],
        "meta": {
            "nf-test": "0.9.2",
            "nextflow": "25.04.2"
        },
        "timestamp": "2025-06-13T11:08:21.415209784"
    },
    "convertref_custom_region": {
        "content": [
            "custom_test_xcf.bcf:md5,4915d09ade4c259ff216c80649b3a825",
            "custom_test_xcf.bcf.csi:md5,89b6d4a59826bce31c4dbf599d49e280",
            "custom_test_xcf.bin:md5,d41d8cd98f00b204e9800998ecf8427e",
            "custom_test_xcf.fam:md5,eba757bb75c1f3dd1d5c4510d282f462",
            [
                "versions.yml:md5,384c6c864a70ccd5deb6486bdaf740e0"
            ]
        ],
        "meta": {
            "nf-test": "0.9.2",
            "nextflow": "25.04.2"
        },
        "timestamp": "2025-06-13T11:08:44.638016785"
    },
    "impute5-convertref-basic-stub": {
        "content": [
            "test_xcf.bcf:md5,d41d8cd98f00b204e9800998ecf8427e",
            "test_xcf.bcf.csi:md5,d41d8cd98f00b204e9800998ecf8427e",
            "test_xcf.bin:md5,d41d8cd98f00b204e9800998ecf8427e",
            "test_xcf.fam:md5,d41d8cd98f00b204e9800998ecf8427e",
            [
                "versions.yml:md5,2e4d78b635b34d1c2d0d850376907318"
            ]
        ],
        "meta": {
            "nf-test": "0.9.2",
            "nextflow": "25.04.2"
        },
        "timestamp": "2025-05-23T15:57:43.661931158"
    },
    "Should run without error": {
        "content": [
            "test_xcf.bcf:md5,25e5ee9c97b7625f0b3546bc6aa45dd6",
            "test_xcf.bcf.csi:md5,a64fa1b6eae8a3d10d7a9a48642c4d23",
            "test_xcf.bin:md5,bffb28fbd136f2d41f482d1658c2bdc3",
            "test_xcf.fam:md5,3ce801e6f2e7887aebc9972ca669372d",
            [
                "versions.yml:md5,ef954569e386abe8d9183c6a79d39d7c"
            ]
        ],
        "meta": {
            "nf-test": "0.9.2",
            "nextflow": "25.04.2"
        },
        "timestamp": "2025-05-23T15:57:36.076342758"
    }
}